// Jest Snapshot v1, https://goo.gl/fbAQLP

exports[`convertCoauthorIdsToUsernameInputs when there *is* a pre-existing id value renders matching snapshot 1`] = `
"
        <div class=\\"crayons-field mb-4\\">
          <label for=\\"user_id\\">Author</label>
          <select class=\\"crayons-select\\" name=\\"article[user_id]\\" id=\\"article_user_id\\">
            <option selected=\\"selected\\" value=\\"1\\">
              Alice
            </option>
            <option value=\\"2\\">
              Bob
            </option>
            <option value=\\"3\\">
              Charlie
            </option>
          </select>
        </div>

        <div class=\\"crayons-field mb-4\\">
          <label for=\\"co_author_ids\\">Co-authors</label>
          <div class=\\"crayons-field\\"><span aria-hidden=\\"true\\" class=\\"absolute pointer-events-none opacity-0 p-2\\"></span><label id=\\"multi-select-label\\" class=\\"screen-reader-only\\">Add up to 4</label><span id=\\"input-description\\" class=\\"screen-reader-only\\">Maximum 4 selections</span><div class=\\"screen-reader-only\\"><p>Selected items:</p><ul aria-live=\\"assertive\\" aria-atomic=\\"false\\" aria-relevant=\\"additions removals\\" class=\\"screen-reader-only list-none\\"></ul></div><div class=\\"c-autocomplete--multi relative\\"><div role=\\"combobox\\" aria-haspopup=\\"listbox\\" aria-expanded=\\"false\\" aria-owns=\\"listbox1\\" class=\\"c-autocomplete--multi__wrapper-border crayons-textfield flex items-center  cursor-text\\"><ul id=\\"combo-selected\\" class=\\"list-none flex flex-wrap w-100\\"><li style=\\"order: 1;\\" class=\\"c-autocomplete--multi__selection-list-item w-max\\"><div role=\\"group\\" aria-label=\\"Charlie\\" class=\\"flex mr-1 mb-1 w-max\\"><button type=\\"button\\" aria-label=\\"Edit Charlie\\" class=\\"c-btn c-btn--secondary c-autocomplete--multi__selected p-1 cursor-text\\">Charlie</button><button type=\\"button\\" aria-label=\\"Remove Charlie\\" class=\\"c-btn c-btn--secondary c-autocomplete--multi__selected p-1\\"><svg width=\\"24\\" height=\\"24\\" viewBox=\\"0 0 24 24\\" xmlns=\\"http://www.w3.org/2000/svg\\" class=\\"crayons-icon\\"><path d=\\"m12 10.586 4.95-4.95 1.414 1.414-4.95 4.95 4.95 4.95-1.414 1.414-4.95-4.95-4.95 4.95-1.414-1.414 4.95-4.95-4.95-4.95L7.05 5.636l4.95 4.95z\\"></path></svg></button></div></li><li style=\\"order: 2;\\" class=\\"self-center\\"><input id=\\"autoarticle_ID_co_author_ids_list\\" autocomplete=\\"off\\" aria-autocomplete=\\"list\\" aria-labelledby=\\"multi-select-label selected-items-list\\" aria-describedby=\\"input-description\\" aria-disabled=\\"false\\" type=\\"text\\" placeholder=\\"Add another...\\" class=\\"c-autocomplete--multi__input\\"></li></ul></div></div>
            <input id=\\"article_ID_co_author_ids_list\\" class=\\"article_org_co_author_ids_list\\" name=\\"article[co_author_ids_list]\\" data-fetch-users=\\"/org7053/members.json\\" type=\\"hidden\\" value=\\"3\\">
          </div>
        </div>

        <button type=\\"submit\\" class=\\"crayons-btn\\">Save</button>
      "
`;

exports[`convertCoauthorIdsToUsernameInputs when there is no pre-existing id value renders matching snapshot 1`] = `
"
        <div class=\\"crayons-field mb-4\\">
          <label for=\\"user_id\\">Author</label>
          <select class=\\"crayons-select\\" name=\\"article[user_id]\\" id=\\"article_user_id\\">
            <option selected=\\"selected\\" value=\\"1\\">
              Alice
            </option>
            <option value=\\"2\\">
              Bob
            </option>
            <option value=\\"3\\">
              Charlie
            </option>
          </select>
        </div>

        <div class=\\"crayons-field mb-4\\">
          <label for=\\"co_author_ids\\">Co-authors</label>
          <div class=\\"crayons-field\\"><span aria-hidden=\\"true\\" class=\\"absolute pointer-events-none opacity-0 p-2\\"></span><label id=\\"multi-select-label\\" class=\\"screen-reader-only\\">Add up to 4</label><span id=\\"input-description\\" class=\\"screen-reader-only\\">Maximum 4 selections</span><div class=\\"screen-reader-only\\"><p>Selected items:</p><ul aria-live=\\"assertive\\" aria-atomic=\\"false\\" aria-relevant=\\"additions removals\\" class=\\"screen-reader-only list-none\\"></ul></div><div class=\\"c-autocomplete--multi relative\\"><div role=\\"combobox\\" aria-haspopup=\\"listbox\\" aria-expanded=\\"false\\" aria-owns=\\"listbox1\\" class=\\"c-autocomplete--multi__wrapper-border crayons-textfield flex items-center  cursor-text\\"><ul id=\\"combo-selected\\" class=\\"list-none flex flex-wrap w-100\\"><li style=\\"order: 1;\\" class=\\"self-center\\"><input id=\\"autoarticle_ID_co_author_ids_list\\" autocomplete=\\"off\\" aria-autocomplete=\\"list\\" aria-labelledby=\\"multi-select-label selected-items-list\\" aria-describedby=\\"input-description\\" aria-disabled=\\"false\\" type=\\"text\\" placeholder=\\"Add up to 4...\\" class=\\"c-autocomplete--multi__input\\"></li></ul></div></div>
            <input id=\\"article_ID_co_author_ids_list\\" class=\\"article_org_co_author_ids_list\\" name=\\"article[co_author_ids_list]\\" data-fetch-users=\\"/org7053/members.json\\" type=\\"hidden\\" value=\\"\\">
          </div>
        </div>

        <button type=\\"submit\\" class=\\"crayons-btn\\">Save</button>
      "
`;
