// Jest Snapshot v1, https://goo.gl/fbAQLP

exports[`<UsernameInput /> renders the default component 1`] = `"<span aria-hidden=\\"true\\" class=\\"absolute pointer-events-none opacity-0 p-2\\"></span><label id=\\"multi-select-label\\" class=\\"screen-reader-only\\">Example label</label><span id=\\"input-description\\" class=\\"screen-reader-only\\"></span><div class=\\"screen-reader-only\\"><p>Selected items:</p><ul aria-live=\\"assertive\\" aria-atomic=\\"false\\" aria-relevant=\\"additions removals\\" class=\\"screen-reader-only list-none\\"></ul></div><div class=\\"c-autocomplete--multi relative\\"><div role=\\"combobox\\" aria-haspopup=\\"listbox\\" aria-expanded=\\"false\\" aria-owns=\\"listbox1\\" class=\\"c-autocomplete--multi__wrapper-border crayons-textfield flex items-center  cursor-text\\"><ul id=\\"combo-selected\\" class=\\"list-none flex flex-wrap w-100\\"><li style=\\"order: 1;\\" class=\\"self-center\\"><input autocomplete=\\"off\\" aria-autocomplete=\\"list\\" aria-labelledby=\\"multi-select-label selected-items-list\\" aria-describedby=\\"input-description\\" aria-disabled=\\"false\\" type=\\"text\\" placeholder=\\"Add...\\" class=\\"c-autocomplete--multi__input\\"></li></ul></div></div>"`;
